Archive member included to satisfy reference by file (symbol)

e:/stm/stm32cubeide_1.10.1/stm32cubeide/plugins/com.st.stm32cube.ide.mcu.externaltools.gnu-tools-for-stm32.10.3-2021.10.win32_1.0.0.202111181127/tools/bin/../lib/gcc/arm-none-eabi/10.3.1/../../../../arm-none-eabi/lib/thumb/v7e-m+fp/hard\libc_nano.a(lib_a-errno.o)
                              ./Core/Src/syscalls.o (__errno)
e:/stm/stm32cubeide_1.10.1/stm32cubeide/plugins/com.st.stm32cube.ide.mcu.externaltools.gnu-tools-for-stm32.10.3-2021.10.win32_1.0.0.202111181127/tools/bin/../lib/gcc/arm-none-eabi/10.3.1/../../../../arm-none-eabi/lib/thumb/v7e-m+fp/hard\libc_nano.a(lib_a-exit.o)
                              e:/stm/stm32cubeide_1.10.1/stm32cubeide/plugins/com.st.stm32cube.ide.mcu.externaltools.gnu-tools-for-stm32.10.3-2021.10.win32_1.0.0.202111181127/tools/bin/../lib/gcc/arm-none-eabi/10.3.1/../../../../arm-none-eabi/lib/thumb/v7e-m+fp/hard/crt0.o (exit)
e:/stm/stm32cubeide_1.10.1/stm32cubeide/plugins/com.st.stm32cube.ide.mcu.externaltools.gnu-tools-for-stm32.10.3-2021.10.win32_1.0.0.202111181127/tools/bin/../lib/gcc/arm-none-eabi/10.3.1/../../../../arm-none-eabi/lib/thumb/v7e-m+fp/hard\libc_nano.a(lib_a-impure.o)
                              e:/stm/stm32cubeide_1.10.1/stm32cubeide/plugins/com.st.stm32cube.ide.mcu.externaltools.gnu-tools-for-stm32.10.3-2021.10.win32_1.0.0.202111181127/tools/bin/../lib/gcc/arm-none-eabi/10.3.1/../../../../arm-none-eabi/lib/thumb/v7e-m+fp/hard\libc_nano.a(lib_a-exit.o) (_global_impure_ptr)
e:/stm/stm32cubeide_1.10.1/stm32cubeide/plugins/com.st.stm32cube.ide.mcu.externaltools.gnu-tools-for-stm32.10.3-2021.10.win32_1.0.0.202111181127/tools/bin/../lib/gcc/arm-none-eabi/10.3.1/../../../../arm-none-eabi/lib/thumb/v7e-m+fp/hard\libc_nano.a(lib_a-init.o)
                              e:/stm/stm32cubeide_1.10.1/stm32cubeide/plugins/com.st.stm32cube.ide.mcu.externaltools.gnu-tools-for-stm32.10.3-2021.10.win32_1.0.0.202111181127/tools/bin/../lib/gcc/arm-none-eabi/10.3.1/../../../../arm-none-eabi/lib/thumb/v7e-m+fp/hard/crt0.o (__libc_init_array)
e:/stm/stm32cubeide_1.10.1/stm32cubeide/plugins/com.st.stm32cube.ide.mcu.externaltools.gnu-tools-for-stm32.10.3-2021.10.win32_1.0.0.202111181127/tools/bin/../lib/gcc/arm-none-eabi/10.3.1/../../../../arm-none-eabi/lib/thumb/v7e-m+fp/hard\libc_nano.a(lib_a-memset.o)
                              e:/stm/stm32cubeide_1.10.1/stm32cubeide/plugins/com.st.stm32cube.ide.mcu.externaltools.gnu-tools-for-stm32.10.3-2021.10.win32_1.0.0.202111181127/tools/bin/../lib/gcc/arm-none-eabi/10.3.1/../../../../arm-none-eabi/lib/thumb/v7e-m+fp/hard/crt0.o (memset)
e:/stm/stm32cubeide_1.10.1/stm32cubeide/plugins/com.st.stm32cube.ide.mcu.externaltools.gnu-tools-for-stm32.10.3-2021.10.win32_1.0.0.202111181127/tools/bin/../lib/gcc/arm-none-eabi/10.3.1/thumb/v7e-m+fp/hard\libgcc.a(_aeabi_uldivmod.o)
                              ./Drivers/STM32F4xx_HAL_Driver/Src/stm32f4xx_hal_rcc.o (__aeabi_uldivmod)
e:/stm/stm32cubeide_1.10.1/stm32cubeide/plugins/com.st.stm32cube.ide.mcu.externaltools.gnu-tools-for-stm32.10.3-2021.10.win32_1.0.0.202111181127/tools/bin/../lib/gcc/arm-none-eabi/10.3.1/thumb/v7e-m+fp/hard\libgcc.a(_udivmoddi4.o)
                              e:/stm/stm32cubeide_1.10.1/stm32cubeide/plugins/com.st.stm32cube.ide.mcu.externaltools.gnu-tools-for-stm32.10.3-2021.10.win32_1.0.0.202111181127/tools/bin/../lib/gcc/arm-none-eabi/10.3.1/thumb/v7e-m+fp/hard\libgcc.a(_aeabi_uldivmod.o) (__udivmoddi4)
e:/stm/stm32cubeide_1.10.1/stm32cubeide/plugins/com.st.stm32cube.ide.mcu.externaltools.gnu-tools-for-stm32.10.3-2021.10.win32_1.0.0.202111181127/tools/bin/../lib/gcc/arm-none-eabi/10.3.1/thumb/v7e-m+fp/hard\libgcc.a(_dvmd_tls.o)
                              e:/stm/stm32cubeide_1.10.1/stm32cubeide/plugins/com.st.stm32cube.ide.mcu.externaltools.gnu-tools-for-stm32.10.3-2021.10.win32_1.0.0.202111181127/tools/bin/../lib/gcc/arm-none-eabi/10.3.1/thumb/v7e-m+fp/hard\libgcc.a(_aeabi_uldivmod.o) (__aeabi_ldiv0)

Discarded input sections

 .text          0x0000000000000000        0x0 e:/stm/stm32cubeide_1.10.1/stm32cubeide/plugins/com.st.stm32cube.ide.mcu.externaltools.gnu-tools-for-stm32.10.3-2021.10.win32_1.0.0.202111181127/tools/bin/../lib/gcc/arm-none-eabi/10.3.1/thumb/v7e-m+fp/hard/crti.o
 .data          0x0000000000000000        0x0 e:/stm/stm32cubeide_1.10.1/stm32cubeide/plugins/com.st.stm32cube.ide.mcu.externaltools.gnu-tools-for-stm32.10.3-2021.10.win32_1.0.0.202111181127/tools/bin/../lib/gcc/arm-none-eabi/10.3.1/thumb/v7e-m+fp/hard/crti.o
 .bss           0x0000000000000000        0x0 e:/stm/stm32cubeide_1.10.1/stm32cubeide/plugins/com.st.stm32cube.ide.mcu.externaltools.gnu-tools-for-stm32.10.3-2021.10.win32_1.0.0.202111181127/tools/bin/../lib/gcc/arm-none-eabi/10.3.1/thumb/v7e-m+fp/hard/crti.o
[...]
Memory Configuration

Name             Origin             Length             Attributes
CCMRAM           0x0000000010000000 0x0000000000010000 xrw
RAM              0x0000000020000000 0x0000000000030000 xrw
FLASH            0x0000000008000000 0x0000000000200000 xr
*default*        0x0000000000000000 0xffffffffffffffff

Linker script and memory map

LOAD e:/stm/stm32cubeide_1.10.1/stm32cubeide/plugins/com.st.stm32cube.ide.mcu.externaltools.gnu-tools-for-stm32.10.3-2021.10.win32_1.0.0.202111181127/tools/bin/../lib/gcc/arm-none-eabi/10.3.1/thumb/v7e-m+fp/hard/crti.o
LOAD e:/stm/stm32cubeide_1.10.1/stm32cubeide/plugins/com.st.stm32cube.ide.mcu.externaltools.gnu-tools-for-stm32.10.3-2021.10.win32_1.0.0.202111181127/tools/bin/../lib/gcc/arm-none-eabi/10.3.1/thumb/v7e-m+fp/hard/crtbegin.o
LOAD e:/stm/stm32cubeide_1.10.1/stm32cubeide/plugins/com.st.stm32cube.ide.mcu.externaltools.gnu-tools-for-stm32.10.3-2021.10.win32_1.0.0.202111181127/tools/bin/../lib/gcc/arm-none-eabi/10.3.1/../../../../arm-none-eabi/lib/thumb/v7e-m+fp/hard/crt0.o
LOAD ./Core/Src/adc.o
LOAD ./Core/Src/can.o
LOAD ./Core/Src/main.o
LOAD ./Core/Src/segment.o
LOAD ./Core/Src/stm32f4xx_hal_msp.o
LOAD ./Core/Src/stm32f4xx_it.o
LOAD ./Core/Src/syscalls.o
LOAD ./Core/Src/sysmem.o
LOAD ./Core/Src/system_stm32f4xx.o
LOAD ./Core/Startup/startup_stm32f429zitx.o
LOAD ./Drivers/STM32F4xx_HAL_Driver/Src/stm32f4xx_hal.o
LOAD ./Drivers/STM32F4xx_HAL_Driver/Src/stm32f4xx_hal_adc.o
LOAD ./Drivers/STM32F4xx_HAL_Driver/Src/stm32f4xx_hal_adc_ex.o
LOAD ./Drivers/STM32F4xx_HAL_Driver/Src/stm32f4xx_hal_can.o
LOAD ./Drivers/STM32F4xx_HAL_Driver/Src/stm32f4xx_hal_cortex.o
LOAD ./Drivers/STM32F4xx_HAL_Driver/Src/stm32f4xx_hal_dma.o
LOAD ./Drivers/STM32F4xx_HAL_Driver/Src/stm32f4xx_hal_dma_ex.o
LOAD ./Drivers/STM32F4xx_HAL_Driver/Src/stm32f4xx_hal_exti.o
LOAD ./Drivers/STM32F4xx_HAL_Driver/Src/stm32f4xx_hal_flash.o
LOAD ./Drivers/STM32F4xx_HAL_Driver/Src/stm32f4xx_hal_flash_ex.o
LOAD ./Drivers/STM32F4xx_HAL_Driver/Src/stm32f4xx_hal_flash_ramfunc.o
LOAD ./Drivers/STM32F4xx_HAL_Driver/Src/stm32f4xx_hal_gpio.o
LOAD ./Drivers/STM32F4xx_HAL_Driver/Src/stm32f4xx_hal_pwr.o
LOAD ./Drivers/STM32F4xx_HAL_Driver/Src/stm32f4xx_hal_pwr_ex.o
LOAD ./Drivers/STM32F4xx_HAL_Driver/Src/stm32f4xx_hal_rcc.o
LOAD ./Drivers/STM32F4xx_HAL_Driver/Src/stm32f4xx_hal_rcc_ex.o
LOAD ./Drivers/STM32F4xx_HAL_Driver/Src/stm32f4xx_ll_adc.o
START GROUP
LOAD e:/stm/stm32cubeide_1.10.1/stm32cubeide/plugins/com.st.stm32cube.ide.mcu.externaltools.gnu-tools-for-stm32.10.3-2021.10.win32_1.0.0.202111181127/tools/bin/../lib/gcc/arm-none-eabi/10.3.1/../../../../arm-none-eabi/lib/thumb/v7e-m+fp/hard\libc_nano.a
LOAD e:/stm/stm32cubeide_1.10.1/stm32cubeide/plugins/com.st.stm32cube.ide.mcu.externaltools.gnu-tools-for-stm32.10.3-2021.10.win32_1.0.0.202111181127/tools/bin/../lib/gcc/arm-none-eabi/10.3.1/../../../../arm-none-eabi/lib/thumb/v7e-m+fp/hard\libm.a
END GROUP
START GROUP
LOAD e:/stm/stm32cubeide_1.10.1/stm32cubeide/plugins/com.st.stm32cube.ide.mcu.externaltools.gnu-tools-for-stm32.10.3-2021.10.win32_1.0.0.202111181127/tools/bin/../lib/gcc/arm-none-eabi/10.3.1/thumb/v7e-m+fp/hard\libgcc.a
LOAD e:/stm/stm32cubeide_1.10.1/stm32cubeide/plugins/com.st.stm32cube.ide.mcu.externaltools.gnu-tools-for-stm32.10.3-2021.10.win32_1.0.0.202111181127/tools/bin/../lib/gcc/arm-none-eabi/10.3.1/../../../../arm-none-eabi/lib/thumb/v7e-m+fp/hard\libc_nano.a
END GROUP
START GROUP
LOAD e:/stm/stm32cubeide_1.10.1/stm32cubeide/plugins/com.st.stm32cube.ide.mcu.externaltools.gnu-tools-for-stm32.10.3-2021.10.win32_1.0.0.202111181127/tools/bin/../lib/gcc/arm-none-eabi/10.3.1/thumb/v7e-m+fp/hard\libgcc.a
LOAD e:/stm/stm32cubeide_1.10.1/stm32cubeide/plugins/com.st.stm32cube.ide.mcu.externaltools.gnu-tools-for-stm32.10.3-2021.10.win32_1.0.0.202111181127/tools/bin/../lib/gcc/arm-none-eabi/10.3.1/../../../../arm-none-eabi/lib/thumb/v7e-m+fp/hard\libc_nano.a
LOAD e:/stm/stm32cubeide_1.10.1/stm32cubeide/plugins/com.st.stm32cube.ide.mcu.externaltools.gnu-tools-for-stm32.10.3-2021.10.win32_1.0.0.202111181127/tools/bin/../lib/gcc/arm-none-eabi/10.3.1/../../../../arm-none-eabi/lib/thumb/v7e-m+fp/hard\libnosys.a
END GROUP
START GROUP
LOAD e:/stm/stm32cubeide_1.10.1/stm32cubeide/plugins/com.st.stm32cube.ide.mcu.externaltools.gnu-tools-for-stm32.10.3-2021.10.win32_1.0.0.202111181127/tools/bin/../lib/gcc/arm-none-eabi/10.3.1/thumb/v7e-m+fp/hard\libgcc.a
LOAD e:/stm/stm32cubeide_1.10.1/stm32cubeide/plugins/com.st.stm32cube.ide.mcu.externaltools.gnu-tools-for-stm32.10.3-2021.10.win32_1.0.0.202111181127/tools/bin/../lib/gcc/arm-none-eabi/10.3.1/../../../../arm-none-eabi/lib/thumb/v7e-m+fp/hard\libc_nano.a
LOAD e:/stm/stm32cubeide_1.10.1/stm32cubeide/plugins/com.st.stm32cube.ide.mcu.externaltools.gnu-tools-for-stm32.10.3-2021.10.win32_1.0.0.202111181127/tools/bin/../lib/gcc/arm-none-eabi/10.3.1/../../../../arm-none-eabi/lib/thumb/v7e-m+fp/hard\libnosys.a
END GROUP
LOAD e:/stm/stm32cubeide_1.10.1/stm32cubeide/plugins/com.st.stm32cube.ide.mcu.externaltools.gnu-tools-for-stm32.10.3-2021.10.win32_1.0.0.202111181127/tools/bin/../lib/gcc/arm-none-eabi/10.3.1/thumb/v7e-m+fp/hard/crtend.o
LOAD e:/stm/stm32cubeide_1.10.1/stm32cubeide/plugins/com.st.stm32cube.ide.mcu.externaltools.gnu-tools-for-stm32.10.3-2021.10.win32_1.0.0.202111181127/tools/bin/../lib/gcc/arm-none-eabi/10.3.1/thumb/v7e-m+fp/hard/crtn.o
                0x0000000020030000                _estack = (ORIGIN (RAM) + LENGTH (RAM))
                0x0000000000000200                _Min_Heap_Size = 0x200
                0x0000000000000400                _Min_Stack_Size = 0x400

.isr_vector     0x0000000008000000      0x1ac
                0x0000000008000000                . = ALIGN (0x4)
 *(.isr_vector)
 .isr_vector    0x0000000008000000      0x1ac ./Core/Startup/startup_stm32f429zitx.o
                0x0000000008000000                g_pfnVectors
                0x00000000080001ac                . = ALIGN (0x4)

.text           0x00000000080001ac     0x2cf4
                0x00000000080001ac                . = ALIGN (0x4)
 *(.text)
 .text          0x00000000080001ac       0x40 e:/stm/stm32cubeide_1.10.1/stm32cubeide/plugins/com.st.stm32cube.ide.mcu.externaltools.gnu-tools-for-stm32.10.3-2021.10.win32_1.0.0.202111181127/tools/bin/../lib/gcc/arm-none-eabi/10.3.1/thumb/v7e-m+fp/hard/crtbegin.o
 .text          0x00000000080001ec       0x30 e:/stm/stm32cubeide_1.10.1/stm32cubeide/plugins/com.st.stm32cube.ide.mcu.externaltools.gnu-tools-for-stm32.10.3-2021.10.win32_1.0.0.202111181127/tools/bin/../lib/gcc/arm-none-eabi/10.3.1/thumb/v7e-m+fp/hard\libgcc.a(_aeabi_uldivmod.o)
                0x00000000080001ec                __aeabi_uldivmod
 .text          0x000000000800021c      0x2d0 e:/stm/stm32cubeide_1.10.1/stm32cubeide/plugins/com.st.stm32cube.ide.mcu.externaltools.gnu-tools-for-stm32.10.3-2021.10.win32_1.0.0.202111181127/tools/bin/../lib/gcc/arm-none-eabi/10.3.1/thumb/v7e-m+fp/hard\libgcc.a(_udivmoddi4.o)
                0x000000000800021c                __udivmoddi4
 .text          0x00000000080004ec        0x4 e:/stm/stm32cubeide_1.10.1/stm32cubeide/plugins/com.st.stm32cube.ide.mcu.externaltools.gnu-tools-for-stm32.10.3-2021.10.win32_1.0.0.202111181127/tools/bin/../lib/gcc/arm-none-eabi/10.3.1/thumb/v7e-m+fp/hard\libgcc.a(_dvmd_tls.o)
                0x00000000080004ec                __aeabi_idiv0
                0x00000000080004ec                __aeabi_ldiv0
 *(.text*)
 .text.MX_ADC1_Init
                0x00000000080004f0       0xa4 ./Core/Src/adc.o
                0x00000000080004f0                MX_ADC1_Init
 .text.MX_ADC3_Init
                0x0000000008000594       0xa4 ./Core/Src/adc.o
                0x0000000008000594                MX_ADC3_Init
 .text.MX_CAN1_Init
                0x0000000008000638       0x6c ./Core/Src/can.o
                0x0000000008000638                MX_CAN1_Init
 .text.MX_CAN2_Init
                0x00000000080006a4       0x6c ./Core/Src/can.o
                0x00000000080006a4                MX_CAN2_Init
 .text.CAN_Start
                0x0000000008000710       0xd4 ./Core/Src/can.o
                0x0000000008000710                CAN_Start
 .text.HAL_CAN_MspInit
                0x00000000080007e4      0x1a4 ./Core/Src/can.o
                0x00000000080007e4                HAL_CAN_MspInit
 .text.main     0x0000000008000988       0x26 ./Core/Src/main.o
                0x0000000008000988                main
 *fill*         0x00000000080009ae        0x2 
 .text.SystemClock_Config
                0x00000000080009b0       0xc0 ./Core/Src/main.o
                0x00000000080009b0                SystemClock_Config
 .text.MX_GPIO_Init
                0x0000000008000a70      0x190 ./Core/Src/main.o
 .text.Error_Handler
                0x0000000008000c00        0xa ./Core/Src/main.o
                0x0000000008000c00                Error_Handler
 *fill*         0x0000000008000c0a        0x2 
 .text.HAL_MspInit
                0x0000000008000c0c       0x50 ./Core/Src/stm32f4xx_hal_msp.o
                0x0000000008000c0c                HAL_MspInit
 .text.HAL_ADC_MspInit
                0x0000000008000c5c      0x144 ./Core/Src/stm32f4xx_hal_msp.o
                0x0000000008000c5c                HAL_ADC_MspInit
 .text.NMI_Handler
                0x0000000008000da0        0x6 ./Core/Src/stm32f4xx_it.o
                0x0000000008000da0                NMI_Handler
 .text.HardFault_Handler
                0x0000000008000da6        0x6 ./Core/Src/stm32f4xx_it.o
                0x0000000008000da6                HardFault_Handler
 .text.MemManage_Handler
                0x0000000008000dac        0x6 ./Core/Src/stm32f4xx_it.o
                0x0000000008000dac                MemManage_Handler
 .text.BusFault_Handler
                0x0000000008000db2        0x6 ./Core/Src/stm32f4xx_it.o
                0x0000000008000db2                BusFault_Handler
 .text.UsageFault_Handler
                0x0000000008000db8        0x6 ./Core/Src/stm32f4xx_it.o
                0x0000000008000db8                UsageFault_Handler
 .text.SVC_Handler
                0x0000000008000dbe        0xe ./Core/Src/stm32f4xx_it.o
                0x0000000008000dbe                SVC_Handler
 .text.DebugMon_Handler
                0x0000000008000dcc        0xe ./Core/Src/stm32f4xx_it.o
                0x0000000008000dcc                DebugMon_Handler
 .text.PendSV_Handler
                0x0000000008000dda        0xe ./Core/Src/stm32f4xx_it.o
                0x0000000008000dda                PendSV_Handler
 .text.SysTick_Handler
                0x0000000008000de8        0xc ./Core/Src/stm32f4xx_it.o
                0x0000000008000de8                SysTick_Handler
 .text.ADC_IRQHandler
                0x0000000008000df4       0x1c ./Core/Src/stm32f4xx_it.o
                0x0000000008000df4                ADC_IRQHandler
 .text.CAN1_TX_IRQHandler
                0x0000000008000e10       0x14 ./Core/Src/stm32f4xx_it.o
                0x0000000008000e10                CAN1_TX_IRQHandler
 .text.CAN1_RX0_IRQHandler
                0x0000000008000e24       0x14 ./Core/Src/stm32f4xx_it.o
                0x0000000008000e24                CAN1_RX0_IRQHandler
 .text.CAN1_RX1_IRQHandler
                0x0000000008000e38       0x14 ./Core/Src/stm32f4xx_it.o
                0x0000000008000e38                CAN1_RX1_IRQHandler
 .text.CAN2_TX_IRQHandler
                0x0000000008000e4c       0x14 ./Core/Src/stm32f4xx_it.o
                0x0000000008000e4c                CAN2_TX_IRQHandler
 .text.CAN2_RX0_IRQHandler
                0x0000000008000e60       0x14 ./Core/Src/stm32f4xx_it.o
                0x0000000008000e60                CAN2_RX0_IRQHandler
 .text.CAN2_RX1_IRQHandler
                0x0000000008000e74       0x14 ./Core/Src/stm32f4xx_it.o
                0x0000000008000e74                CAN2_RX1_IRQHandler
 .text.SystemInit
                0x0000000008000e88       0x24 ./Core/Src/system_stm32f4xx.o
                0x0000000008000e88                SystemInit
 .text.Reset_Handler
                0x0000000008000eac       0x50 ./Core/Startup/startup_stm32f429zitx.o
                0x0000000008000eac                Reset_Handler
 .text.Default_Handler
                0x0000000008000efc        0x2 ./Core/Startup/startup_stm32f429zitx.o
                0x0000000008000efc                RTC_Alarm_IRQHandler
                0x0000000008000efc                HASH_RNG_IRQHandler
                0x0000000008000efc                EXTI2_IRQHandler
                0x0000000008000efc                TIM8_CC_IRQHandler
                0x0000000008000efc                UART8_IRQHandler
                0x0000000008000efc                SPI4_IRQHandler
                0x0000000008000efc                TIM1_CC_IRQHandler
                0x0000000008000efc                DMA2_Stream5_IRQHandler
                0x0000000008000efc                DMA1_Stream5_IRQHandler
                0x0000000008000efc                PVD_IRQHandler
                0x0000000008000efc                SDIO_IRQHandler
                0x0000000008000efc                TAMP_STAMP_IRQHandler
                0x0000000008000efc                EXTI3_IRQHandler
                0x0000000008000efc                TIM8_TRG_COM_TIM14_IRQHandler
                0x0000000008000efc                TIM1_UP_TIM10_IRQHandler
                0x0000000008000efc                TIM8_UP_TIM13_IRQHandler
                0x0000000008000efc                I2C3_ER_IRQHandler
                0x0000000008000efc                EXTI0_IRQHandler
                0x0000000008000efc                I2C2_EV_IRQHandler
                0x0000000008000efc                DMA1_Stream2_IRQHandler
                0x0000000008000efc                FPU_IRQHandler
                0x0000000008000efc                OTG_HS_WKUP_IRQHandler
                0x0000000008000efc                LTDC_ER_IRQHandler
                0x0000000008000efc                CAN2_SCE_IRQHandler
                0x0000000008000efc                DMA2_Stream2_IRQHandler
                0x0000000008000efc                SPI1_IRQHandler
                0x0000000008000efc                TIM6_DAC_IRQHandler
                0x0000000008000efc                TIM1_BRK_TIM9_IRQHandler
                0x0000000008000efc                DCMI_IRQHandler
                0x0000000008000efc                DMA2_Stream3_IRQHandler
                0x0000000008000efc                USART6_IRQHandler
                0x0000000008000efc                USART3_IRQHandler
                0x0000000008000efc                UART5_IRQHandler
                0x0000000008000efc                DMA2_Stream0_IRQHandler
                0x0000000008000efc                TIM4_IRQHandler
                0x0000000008000efc                I2C1_EV_IRQHandler
                0x0000000008000efc                DMA1_Stream6_IRQHandler
                0x0000000008000efc                DMA1_Stream1_IRQHandler
                0x0000000008000efc                UART4_IRQHandler
                0x0000000008000efc                TIM3_IRQHandler
                0x0000000008000efc                RCC_IRQHandler
                0x0000000008000efc                TIM8_BRK_TIM12_IRQHandler
                0x0000000008000efc                Default_Handler
                0x0000000008000efc                EXTI15_10_IRQHandler
                0x0000000008000efc                DMA1_Stream7_IRQHandler
                0x0000000008000efc                SPI5_IRQHandler
                0x0000000008000efc                TIM7_IRQHandler
                0x0000000008000efc                TIM5_IRQHandler
                0x0000000008000efc                DMA2_Stream7_IRQHandler
                0x0000000008000efc                I2C3_EV_IRQHandler
                0x0000000008000efc                EXTI9_5_IRQHandler
                0x0000000008000efc                RTC_WKUP_IRQHandler
                0x0000000008000efc                LTDC_IRQHandler
                0x0000000008000efc                ETH_WKUP_IRQHandler
                0x0000000008000efc                SPI2_IRQHandler
                0x0000000008000efc                OTG_HS_EP1_IN_IRQHandler
                0x0000000008000efc                DMA1_Stream0_IRQHandler
                0x0000000008000efc                EXTI4_IRQHandler
                0x0000000008000efc                ETH_IRQHandler
                0x0000000008000efc                OTG_HS_EP1_OUT_IRQHandler
                0x0000000008000efc                WWDG_IRQHandler
                0x0000000008000efc                SPI6_IRQHandler
                0x0000000008000efc                TIM2_IRQHandler
                0x0000000008000efc                OTG_FS_WKUP_IRQHandler
                0x0000000008000efc                TIM1_TRG_COM_TIM11_IRQHandler
                0x0000000008000efc                OTG_HS_IRQHandler
                0x0000000008000efc                DMA2D_IRQHandler
                0x0000000008000efc                EXTI1_IRQHandler
                0x0000000008000efc                UART7_IRQHandler
                0x0000000008000efc                USART2_IRQHandler
                0x0000000008000efc                I2C2_ER_IRQHandler
                0x0000000008000efc                DMA2_Stream1_IRQHandler
                0x0000000008000efc                CAN1_SCE_IRQHandler
                0x0000000008000efc                FLASH_IRQHandler
                0x0000000008000efc                DMA2_Stream4_IRQHandler
                0x0000000008000efc                USART1_IRQHandler
                0x0000000008000efc                OTG_FS_IRQHandler
                0x0000000008000efc                SPI3_IRQHandler
                0x0000000008000efc                DMA1_Stream4_IRQHandler
                0x0000000008000efc                I2C1_ER_IRQHandler
                0x0000000008000efc                FMC_IRQHandler
                0x0000000008000efc                DMA2_Stream6_IRQHandler
                0x0000000008000efc                SAI1_IRQHandler
                0x0000000008000efc                DMA1_Stream3_IRQHandler
 *fill*         0x0000000008000efe        0x2 
 .text.HAL_Init
                0x0000000008000f00       0x44 ./Drivers/STM32F4xx_HAL_Driver/Src/stm32f4xx_hal.o
                0x0000000008000f00                HAL_Init
 .text.HAL_InitTick
                0x0000000008000f44       0x60 ./Drivers/STM32F4xx_HAL_Driver/Src/stm32f4xx_hal.o
                0x0000000008000f44                HAL_InitTick
 .text.HAL_IncTick
                0x0000000008000fa4       0x28 ./Drivers/STM32F4xx_HAL_Driver/Src/stm32f4xx_hal.o
                0x0000000008000fa4                HAL_IncTick
 .text.HAL_GetTick
                0x0000000008000fcc       0x18 ./Drivers/STM32F4xx_HAL_Driver/Src/stm32f4xx_hal.o
                0x0000000008000fcc                HAL_GetTick
 .text.HAL_ADC_Init
                0x0000000008000fe4       0x86 ./Drivers/STM32F4xx_HAL_Driver/Src/stm32f4xx_hal_adc.o
                0x0000000008000fe4                HAL_ADC_Init
 .text.HAL_ADC_IRQHandler
                0x000000000800106a      0x220 ./Drivers/STM32F4xx_HAL_Driver/Src/stm32f4xx_hal_adc.o
                0x000000000800106a                HAL_ADC_IRQHandler
 .text.HAL_ADC_ConvCpltCallback
                0x000000000800128a       0x14 ./Drivers/STM32F4xx_HAL_Driver/Src/stm32f4xx_hal_adc.o
                0x000000000800128a                HAL_ADC_ConvCpltCallback
 .text.HAL_ADC_LevelOutOfWindowCallback
                0x000000000800129e       0x14 ./Drivers/STM32F4xx_HAL_Driver/Src/stm32f4xx_hal_adc.o
                0x000000000800129e                HAL_ADC_LevelOutOfWindowCallback
 .text.HAL_ADC_ErrorCallback
                0x00000000080012b2       0x14 ./Drivers/STM32F4xx_HAL_Driver/Src/stm32f4xx_hal_adc.o
                0x00000000080012b2                HAL_ADC_ErrorCallback
 *fill*         0x00000000080012c6        0x2 
 .text.HAL_ADC_ConfigChannel
                0x00000000080012c8      0x264 ./Drivers/STM32F4xx_HAL_Driver/Src/stm32f4xx_hal_adc.o
                0x00000000080012c8                HAL_ADC_ConfigChannel
 .text.ADC_Init
                0x000000000800152c      0x1f8 ./Drivers/STM32F4xx_HAL_Driver/Src/stm32f4xx_hal_adc.o
 .text.HAL_ADCEx_InjectedConvCpltCallback
                0x0000000008001724       0x14 ./Drivers/STM32F4xx_HAL_Driver/Src/stm32f4xx_hal_adc_ex.o
                0x0000000008001724                HAL_ADCEx_InjectedConvCpltCallback
 .text.HAL_CAN_Init
                0x0000000008001738      0x1f6 ./Drivers/STM32F4xx_HAL_Driver/Src/stm32f4xx_hal_can.o
                0x0000000008001738                HAL_CAN_Init
 *fill*         0x000000000800192e        0x2 
 .text.HAL_CAN_ConfigFilter
                0x0000000008001930      0x1c0 ./Drivers/STM32F4xx_HAL_Driver/Src/stm32f4xx_hal_can.o
                0x0000000008001930                HAL_CAN_ConfigFilter
 .text.HAL_CAN_Start
                0x0000000008001af0       0x88 ./Drivers/STM32F4xx_HAL_Driver/Src/stm32f4xx_hal_can.o
                0x0000000008001af0                HAL_CAN_Start
 .text.HAL_CAN_ActivateNotification
                0x0000000008001b78       0x4c ./Drivers/STM32F4xx_HAL_Driver/Src/stm32f4xx_hal_can.o
                0x0000000008001b78                HAL_CAN_ActivateNotification
 .text.HAL_CAN_IRQHandler
                0x0000000008001bc4      0x36e ./Drivers/STM32F4xx_HAL_Driver/Src/stm32f4xx_hal_can.o
                0x0000000008001bc4                HAL_CAN_IRQHandler
 .text.HAL_CAN_TxMailbox0CompleteCallback
                0x0000000008001f32       0x14 ./Drivers/STM32F4xx_HAL_Driver/Src/stm32f4xx_hal_can.o
                0x0000000008001f32                HAL_CAN_TxMailbox0CompleteCallback
 .text.HAL_CAN_TxMailbox1CompleteCallback
                0x0000000008001f46       0x14 ./Drivers/STM32F4xx_HAL_Driver/Src/stm32f4xx_hal_can.o
                0x0000000008001f46                HAL_CAN_TxMailbox1CompleteCallback
 .text.HAL_CAN_TxMailbox2CompleteCallback
                0x0000000008001f5a       0x14 ./Drivers/STM32F4xx_HAL_Driver/Src/stm32f4xx_hal_can.o
                0x0000000008001f5a                HAL_CAN_TxMailbox2CompleteCallback
 .text.HAL_CAN_TxMailbox0AbortCallback
                0x0000000008001f6e       0x14 ./Drivers/STM32F4xx_HAL_Driver/Src/stm32f4xx_hal_can.o
                0x0000000008001f6e                HAL_CAN_TxMailbox0AbortCallback
 .text.HAL_CAN_TxMailbox1AbortCallback
                0x0000000008001f82       0x14 ./Drivers/STM32F4xx_HAL_Driver/Src/stm32f4xx_hal_can.o
                0x0000000008001f82                HAL_CAN_TxMailbox1AbortCallback
 .text.HAL_CAN_TxMailbox2AbortCallback
                0x0000000008001f96       0x14 ./Drivers/STM32F4xx_HAL_Driver/Src/stm32f4xx_hal_can.o
                0x0000000008001f96                HAL_CAN_TxMailbox2AbortCallback
 .text.HAL_CAN_RxFifo0MsgPendingCallback
                0x0000000008001faa       0x14 ./Drivers/STM32F4xx_HAL_Driver/Src/stm32f4xx_hal_can.o
                0x0000000008001faa                HAL_CAN_RxFifo0MsgPendingCallback
 .text.HAL_CAN_RxFifo0FullCallback
                0x0000000008001fbe       0x14 ./Drivers/STM32F4xx_HAL_Driver/Src/stm32f4xx_hal_can.o
                0x0000000008001fbe                HAL_CAN_RxFifo0FullCallback
 .text.HAL_CAN_RxFifo1MsgPendingCallback
                0x0000000008001fd2       0x14 ./Drivers/STM32F4xx_HAL_Driver/Src/stm32f4xx_hal_can.o
                0x0000000008001fd2                HAL_CAN_RxFifo1MsgPendingCallback
 .text.HAL_CAN_RxFifo1FullCallback
                0x0000000008001fe6       0x14 ./Drivers/STM32F4xx_HAL_Driver/Src/stm32f4xx_hal_can.o
                0x0000000008001fe6                HAL_CAN_RxFifo1FullCallback
 .text.HAL_CAN_SleepCallback
                0x0000000008001ffa       0x14 ./Drivers/STM32F4xx_HAL_Driver/Src/stm32f4xx_hal_can.o
                0x0000000008001ffa                HAL_CAN_SleepCallback
 .text.HAL_CAN_WakeUpFromRxMsgCallback
                0x000000000800200e       0x14 ./Drivers/STM32F4xx_HAL_Driver/Src/stm32f4xx_hal_can.o
                0x000000000800200e                HAL_CAN_WakeUpFromRxMsgCallback
 .text.HAL_CAN_ErrorCallback
                0x0000000008002022       0x14 ./Drivers/STM32F4xx_HAL_Driver/Src/stm32f4xx_hal_can.o
                0x0000000008002022                HAL_CAN_ErrorCallback
 *fill*         0x0000000008002036        0x2 
 .text.__NVIC_SetPriorityGrouping
                0x0000000008002038       0x48 ./Drivers/STM32F4xx_HAL_Driver/Src/stm32f4xx_hal_cortex.o
 .text.__NVIC_GetPriorityGrouping
                0x0000000008002080       0x1c ./Drivers/STM32F4xx_HAL_Driver/Src/stm32f4xx_hal_cortex.o
 .text.__NVIC_EnableIRQ
                0x000000000800209c       0x3c ./Drivers/STM32F4xx_HAL_Driver/Src/stm32f4xx_hal_cortex.o
 .text.__NVIC_SetPriority
                0x00000000080020d8       0x54 ./Drivers/STM32F4xx_HAL_Driver/Src/stm32f4xx_hal_cortex.o
 .text.NVIC_EncodePriority
                0x000000000800212c       0x66 ./Drivers/STM32F4xx_HAL_Driver/Src/stm32f4xx_hal_cortex.o
 *fill*         0x0000000008002192        0x2 
 .text.SysTick_Config
                0x0000000008002194       0x44 ./Drivers/STM32F4xx_HAL_Driver/Src/stm32f4xx_hal_cortex.o
 .text.HAL_NVIC_SetPriorityGrouping
                0x00000000080021d8       0x16 ./Drivers/STM32F4xx_HAL_Driver/Src/stm32f4xx_hal_cortex.o
                0x00000000080021d8                HAL_NVIC_SetPriorityGrouping
 .text.HAL_NVIC_SetPriority
                0x00000000080021ee       0x38 ./Drivers/STM32F4xx_HAL_Driver/Src/stm32f4xx_hal_cortex.o
                0x00000000080021ee                HAL_NVIC_SetPriority
 .text.HAL_NVIC_EnableIRQ
                0x0000000008002226       0x1c ./Drivers/STM32F4xx_HAL_Driver/Src/stm32f4xx_hal_cortex.o
                0x0000000008002226                HAL_NVIC_EnableIRQ
 .text.HAL_SYSTICK_Config
                0x0000000008002242       0x18 ./Drivers/STM32F4xx_HAL_Driver/Src/stm32f4xx_hal_cortex.o
                0x0000000008002242                HAL_SYSTICK_Config
 *fill*         0x000000000800225a        0x2 
 .text.HAL_GPIO_Init
                0x000000000800225c      0x358 ./Drivers/STM32F4xx_HAL_Driver/Src/stm32f4xx_hal_gpio.o
                0x000000000800225c                HAL_GPIO_Init
 .text.HAL_GPIO_WritePin
                0x00000000080025b4       0x32 ./Drivers/STM32F4xx_HAL_Driver/Src/stm32f4xx_hal_gpio.o
                0x00000000080025b4                HAL_GPIO_WritePin
 *fill*         0x00000000080025e6        0x2 
 .text.HAL_RCC_OscConfig
                0x00000000080025e8      0x4f0 ./Drivers/STM32F4xx_HAL_Driver/Src/stm32f4xx_hal_rcc.o
                0x00000000080025e8                HAL_RCC_OscConfig
 .text.HAL_RCC_ClockConfig
                0x0000000008002ad8      0x1cc ./Drivers/STM32F4xx_HAL_Driver/Src/stm32f4xx_hal_rcc.o
                0x0000000008002ad8                HAL_RCC_ClockConfig
 .text.HAL_RCC_GetSysClockFreq
                0x0000000008002ca4      0x18c ./Drivers/STM32F4xx_HAL_Driver/Src/stm32f4xx_hal_rcc.o
                0x0000000008002ca4                HAL_RCC_GetSysClockFreq
 .text.__libc_init_array
                0x0000000008002e30       0x48 e:/stm/stm32cubeide_1.10.1/stm32cubeide/plugins/com.st.stm32cube.ide.mcu.externaltools.gnu-tools-for-stm32.10.3-2021.10.win32_1.0.0.202111181127/tools/bin/../lib/gcc/arm-none-eabi/10.3.1/../../../../arm-none-eabi/lib/thumb/v7e-m+fp/hard\libc_nano.a(lib_a-init.o)
                0x0000000008002e30                __libc_init_array
 .text.memset   0x0000000008002e78       0x10 e:/stm/stm32cubeide_1.10.1/stm32cubeide/plugins/com.st.stm32cube.ide.mcu.externaltools.gnu-tools-for-stm32.10.3-2021.10.win32_1.0.0.202111181127/tools/bin/../lib/gcc/arm-none-eabi/10.3.1/../../../../arm-none-eabi/lib/thumb/v7e-m+fp/hard\libc_nano.a(lib_a-memset.o)
                0x0000000008002e78                memset
 *(.glue_7)
 .glue_7        0x0000000008002e88        0x0 linker stubs
 *(.glue_7t)
 .glue_7t       0x0000000008002e88        0x0 linker stubs
 *(.eh_frame)
 .eh_frame      0x0000000008002e88        0x0 e:/stm/stm32cubeide_1.10.1/stm32cubeide/plugins/com.st.stm32cube.ide.mcu.externaltools.gnu-tools-for-stm32.10.3-2021.10.win32_1.0.0.202111181127/tools/bin/../lib/gcc/arm-none-eabi/10.3.1/thumb/v7e-m+fp/hard/crtbegin.o
 *(.init)
 .init          0x0000000008002e88        0x4 e:/stm/stm32cubeide_1.10.1/stm32cubeide/plugins/com.st.stm32cube.ide.mcu.externaltools.gnu-tools-for-stm32.10.3-2021.10.win32_1.0.0.202111181127/tools/bin/../lib/gcc/arm-none-eabi/10.3.1/thumb/v7e-m+fp/hard/crti.o
                0x0000000008002e88                _init
 .init          0x0000000008002e8c        0x8 e:/stm/stm32cubeide_1.10.1/stm32cubeide/plugins/com.st.stm32cube.ide.mcu.externaltools.gnu-tools-for-stm32.10.3-2021.10.win32_1.0.0.202111181127/tools/bin/../lib/gcc/arm-none-eabi/10.3.1/thumb/v7e-m+fp/hard/crtn.o
 *(.fini)
 .fini          0x0000000008002e94        0x4 e:/stm/stm32cubeide_1.10.1/stm32cubeide/plugins/com.st.stm32cube.ide.mcu.externaltools.gnu-tools-for-stm32.10.3-2021.10.win32_1.0.0.202111181127/tools/bin/../lib/gcc/arm-none-eabi/10.3.1/thumb/v7e-m+fp/hard/crti.o
                0x0000000008002e94                _fini
 .fini          0x0000000008002e98        0x8 e:/stm/stm32cubeide_1.10.1/stm32cubeide/plugins/com.st.stm32cube.ide.mcu.externaltools.gnu-tools-for-stm32.10.3-2021.10.win32_1.0.0.202111181127/tools/bin/../lib/gcc/arm-none-eabi/10.3.1/thumb/v7e-m+fp/hard/crtn.o
                0x0000000008002ea0                . = ALIGN (0x4)
                0x0000000008002ea0                _etext = .

.vfp11_veneer   0x0000000008002ea0        0x0
 .vfp11_veneer  0x0000000008002ea0        0x0 linker stubs

.v4_bx          0x0000000008002ea0        0x0
 .v4_bx         0x0000000008002ea0        0x0 linker stubs

.iplt           0x0000000008002ea0        0x0
 .iplt          0x0000000008002ea0        0x0 e:/stm/stm32cubeide_1.10.1/stm32cubeide/plugins/com.st.stm32cube.ide.mcu.externaltools.gnu-tools-for-stm32.10.3-2021.10.win32_1.0.0.202111181127/tools/bin/../lib/gcc/arm-none-eabi/10.3.1/thumb/v7e-m+fp/hard/crtbegin.o

.rodata         0x0000000008002ea0       0x10
                0x0000000008002ea0                . = ALIGN (0x4)
 *(.rodata)
 *(.rodata*)
 .rodata.AHBPrescTable
                0x0000000008002ea0       0x10 ./Core/Src/system_stm32f4xx.o
                0x0000000008002ea0                AHBPrescTable
                0x0000000008002eb0                . = ALIGN (0x4)

.ARM.extab      0x0000000008002eb0        0x0
                0x0000000008002eb0                . = ALIGN (0x4)
 *(.ARM.extab* .gnu.linkonce.armextab.*)
                0x0000000008002eb0                . = ALIGN (0x4)

.ARM            0x0000000008002eb0        0x8
                0x0000000008002eb0                . = ALIGN (0x4)
                0x0000000008002eb0                __exidx_start = .
 *(.ARM.exidx*)
 .ARM.exidx     0x0000000008002eb0        0x8 e:/stm/stm32cubeide_1.10.1/stm32cubeide/plugins/com.st.stm32cube.ide.mcu.externaltools.gnu-tools-for-stm32.10.3-2021.10.win32_1.0.0.202111181127/tools/bin/../lib/gcc/arm-none-eabi/10.3.1/thumb/v7e-m+fp/hard\libgcc.a(_udivmoddi4.o)
                0x0000000008002eb8                __exidx_end = .
                0x0000000008002eb8                . = ALIGN (0x4)

.rel.dyn        0x0000000008002eb8        0x0
 .rel.iplt      0x0000000008002eb8        0x0 e:/stm/stm32cubeide_1.10.1/stm32cubeide/plugins/com.st.stm32cube.ide.mcu.externaltools.gnu-tools-for-stm32.10.3-2021.10.win32_1.0.0.202111181127/tools/bin/../lib/gcc/arm-none-eabi/10.3.1/thumb/v7e-m+fp/hard/crtbegin.o

.preinit_array  0x0000000008002eb8        0x0
                0x0000000008002eb8                . = ALIGN (0x4)
                0x0000000008002eb8                PROVIDE (__preinit_array_start = .)
 *(.preinit_array*)
                0x0000000008002eb8                PROVIDE (__preinit_array_end = .)
                0x0000000008002eb8                . = ALIGN (0x4)

.init_array     0x0000000008002eb8        0x4
                0x0000000008002eb8                . = ALIGN (0x4)
                0x0000000008002eb8                PROVIDE (__init_array_start = .)
 *(SORT_BY_NAME(.init_array.*))
 *(.init_array*)
 .init_array    0x0000000008002eb8        0x4 e:/stm/stm32cubeide_1.10.1/stm32cubeide/plugins/com.st.stm32cube.ide.mcu.externaltools.gnu-tools-for-stm32.10.3-2021.10.win32_1.0.0.202111181127/tools/bin/../lib/gcc/arm-none-eabi/10.3.1/thumb/v7e-m+fp/hard/crtbegin.o
                0x0000000008002ebc                PROVIDE (__init_array_end = .)
                0x0000000008002ebc                . = ALIGN (0x4)

.fini_array     0x0000000008002ebc        0x4
                0x0000000008002ebc                . = ALIGN (0x4)
                [!provide]                        PROVIDE (__fini_array_start = .)
 *(SORT_BY_NAME(.fini_array.*))
 *(.fini_array*)
 .fini_array    0x0000000008002ebc        0x4 e:/stm/stm32cubeide_1.10.1/stm32cubeide/plugins/com.st.stm32cube.ide.mcu.externaltools.gnu-tools-for-stm32.10.3-2021.10.win32_1.0.0.202111181127/tools/bin/../lib/gcc/arm-none-eabi/10.3.1/thumb/v7e-m+fp/hard/crtbegin.o
                [!provide]                        PROVIDE (__fini_array_end = .)
                0x0000000008002ec0                . = ALIGN (0x4)
                0x0000000008002ec0                _sidata = LOADADDR (.data)

.data           0x0000000020000000        0xc load address 0x0000000008002ec0
                0x0000000020000000                . = ALIGN (0x4)
                0x0000000020000000                _sdata = .
 *(.data)
 *(.data*)
 .data.SystemCoreClock
                0x0000000020000000        0x4 ./Core/Src/system_stm32f4xx.o
                0x0000000020000000                SystemCoreClock
 .data.uwTickPrio
                0x0000000020000004        0x4 ./Drivers/STM32F4xx_HAL_Driver/Src/stm32f4xx_hal.o
                0x0000000020000004                uwTickPrio
 .data.uwTickFreq
                0x0000000020000008        0x1 ./Drivers/STM32F4xx_HAL_Driver/Src/stm32f4xx_hal.o
                0x0000000020000008                uwTickFreq
 *(.RamFunc)
 *(.RamFunc*)
                0x000000002000000c                . = ALIGN (0x4)
 *fill*         0x0000000020000009        0x3 
                0x000000002000000c                _edata = .
                0x0000000008002ecc                _siccmram = LOADADDR (.ccmram)

.igot.plt       0x000000002000000c        0x0 load address 0x0000000008002ecc
 .igot.plt      0x000000002000000c        0x0 e:/stm/stm32cubeide_1.10.1/stm32cubeide/plugins/com.st.stm32cube.ide.mcu.externaltools.gnu-tools-for-stm32.10.3-2021.10.win32_1.0.0.202111181127/tools/bin/../lib/gcc/arm-none-eabi/10.3.1/thumb/v7e-m+fp/hard/crtbegin.o

.ccmram         0x0000000010000000        0x0 load address 0x0000000008002ecc
                0x0000000010000000                . = ALIGN (0x4)
                0x0000000010000000                _sccmram = .
 *(.ccmram)
 *(.ccmram*)
                0x0000000010000000                . = ALIGN (0x4)
                0x0000000010000000                _eccmram = .
                0x0000000010000000                . = ALIGN (0x4)

.bss            0x000000002000000c      0x104
                0x000000002000000c                _sbss = .
                0x000000002000000c                __bss_start__ = _sbss
 *(.bss)
 .bss           0x000000002000000c       0x1c e:/stm/stm32cubeide_1.10.1/stm32cubeide/plugins/com.st.stm32cube.ide.mcu.externaltools.gnu-tools-for-stm32.10.3-2021.10.win32_1.0.0.202111181127/tools/bin/../lib/gcc/arm-none-eabi/10.3.1/thumb/v7e-m+fp/hard/crtbegin.o
 *(.bss*)
 .bss.hadc1     0x0000000020000028       0x48 ./Core/Src/adc.o
                0x0000000020000028                hadc1
 .bss.hadc3     0x0000000020000070       0x48 ./Core/Src/adc.o
                0x0000000020000070                hadc3
 .bss.hcan1     0x00000000200000b8       0x28 ./Core/Src/can.o
                0x00000000200000b8                hcan1
 .bss.hcan2     0x00000000200000e0       0x28 ./Core/Src/can.o
                0x00000000200000e0                hcan2
 .bss.HAL_RCC_CAN1_CLK_ENABLED
                0x0000000020000108        0x4 ./Core/Src/can.o
 .bss.uwTick    0x000000002000010c        0x4 ./Drivers/STM32F4xx_HAL_Driver/Src/stm32f4xx_hal.o
                0x000000002000010c                uwTick
 *(COMMON)
                0x0000000020000110                . = ALIGN (0x4)
                0x0000000020000110                _ebss = .
                0x0000000020000110                __bss_end__ = _ebss

._user_heap_stack
                0x0000000020000110      0x600
                0x0000000020000110                . = ALIGN (0x8)
                [!provide]                        PROVIDE (end = .)
                0x0000000020000110                PROVIDE (_end = .)
                0x0000000020000310                . = (. + _Min_Heap_Size)
 *fill*         0x0000000020000110      0x200 
                0x0000000020000710                . = (. + _Min_Stack_Size)
 *fill*         0x0000000020000310      0x400 
                0x0000000020000710                . = ALIGN (0x8)

/DISCARD/
 libc.a(*)
 libm.a(*)
 libgcc.a(*)

.ARM.attributes
                0x0000000000000000       0x30
 *(.ARM.attributes)
 .ARM.attributes
                0x0000000000000000       0x1e e:/stm/stm32cubeide_1.10.1/stm32cubeide/plugins/com.st.stm32cube.ide.mcu.externaltools.gnu-tools-for-stm32.10.3-2021.10.win32_1.0.0.202111181127/tools/bin/../lib/gcc/arm-none-eabi/10.3.1/thumb/v7e-m+fp/hard/crti.o
 .ARM.attributes
                0x000000000000001e       0x34 e:/stm/stm32cubeide_1.10.1/stm32cubeide/plugins/com.st.stm32cube.ide.mcu.externaltools.gnu-tools-for-stm32.10.3-2021.10.win32_1.0.0.202111181127/tools/bin/../lib/gcc/arm-none-eabi/10.3.1/thumb/v7e-m+fp/hard/crtbegin.o
 .ARM.attributes
                0x0000000000000052       0x34 ./Core/Src/adc.o
 .ARM.attributes
                0x0000000000000086       0x34 ./Core/Src/can.o
 .ARM.attributes
                0x00000000000000ba       0x34 ./Core/Src/main.o
 .ARM.attributes
                0x00000000000000ee       0x34 ./Core/Src/stm32f4xx_hal_msp.o
 .ARM.attributes
                0x0000000000000122       0x34 ./Core/Src/stm32f4xx_it.o
 .ARM.attributes
                0x0000000000000156       0x34 ./Core/Src/system_stm32f4xx.o
 .ARM.attributes
                0x000000000000018a       0x21 ./Core/Startup/startup_stm32f429zitx.o
 .ARM.attributes
                0x00000000000001ab       0x34 ./Drivers/STM32F4xx_HAL_Driver/Src/stm32f4xx_hal.o
 .ARM.attributes
                0x00000000000001df       0x34 ./Drivers/STM32F4xx_HAL_Driver/Src/stm32f4xx_hal_adc.o
 .ARM.attributes
                0x0000000000000213       0x34 ./Drivers/STM32F4xx_HAL_Driver/Src/stm32f4xx_hal_adc_ex.o
 .ARM.attributes
                0x0000000000000247       0x34 ./Drivers/STM32F4xx_HAL_Driver/Src/stm32f4xx_hal_can.o
 .ARM.attributes
                0x000000000000027b       0x34 ./Drivers/STM32F4xx_HAL_Driver/Src/stm32f4xx_hal_cortex.o
 .ARM.attributes
                0x00000000000002af       0x34 ./Drivers/STM32F4xx_HAL_Driver/Src/stm32f4xx_hal_gpio.o
 .ARM.attributes
                0x00000000000002e3       0x34 ./Drivers/STM32F4xx_HAL_Driver/Src/stm32f4xx_hal_rcc.o
 .ARM.attributes
                0x0000000000000317       0x34 e:/stm/stm32cubeide_1.10.1/stm32cubeide/plugins/com.st.stm32cube.ide.mcu.externaltools.gnu-tools-for-stm32.10.3-2021.10.win32_1.0.0.202111181127/tools/bin/../lib/gcc/arm-none-eabi/10.3.1/../../../../arm-none-eabi/lib/thumb/v7e-m+fp/hard\libc_nano.a(lib_a-init.o)
 .ARM.attributes
                0x000000000000034b       0x34 e:/stm/stm32cubeide_1.10.1/stm32cubeide/plugins/com.st.stm32cube.ide.mcu.externaltools.gnu-tools-for-stm32.10.3-2021.10.win32_1.0.0.202111181127/tools/bin/../lib/gcc/arm-none-eabi/10.3.1/../../../../arm-none-eabi/lib/thumb/v7e-m+fp/hard\libc_nano.a(lib_a-memset.o)
 .ARM.attributes
                0x000000000000037f       0x1e e:/stm/stm32cubeide_1.10.1/stm32cubeide/plugins/com.st.stm32cube.ide.mcu.externaltools.gnu-tools-for-stm32.10.3-2021.10.win32_1.0.0.202111181127/tools/bin/../lib/gcc/arm-none-eabi/10.3.1/thumb/v7e-m+fp/hard\libgcc.a(_aeabi_uldivmod.o)
 .ARM.attributes
                0x000000000000039d       0x34 e:/stm/stm32cubeide_1.10.1/stm32cubeide/plugins/com.st.stm32cube.ide.mcu.externaltools.gnu-tools-for-stm32.10.3-2021.10.win32_1.0.0.202111181127/tools/bin/../lib/gcc/arm-none-eabi/10.3.1/thumb/v7e-m+fp/hard\libgcc.a(_udivmoddi4.o)
 .ARM.attributes
                0x00000000000003d1       0x1e e:/stm/stm32cubeide_1.10.1/stm32cubeide/plugins/com.st.stm32cube.ide.mcu.externaltools.gnu-tools-for-stm32.10.3-2021.10.win32_1.0.0.202111181127/tools/bin/../lib/gcc/arm-none-eabi/10.3.1/thumb/v7e-m+fp/hard\libgcc.a(_dvmd_tls.o)
 .ARM.attributes
                0x00000000000003ef       0x1e e:/stm/stm32cubeide_1.10.1/stm32cubeide/plugins/com.st.stm32cube.ide.mcu.externaltools.gnu-tools-for-stm32.10.3-2021.10.win32_1.0.0.202111181127/tools/bin/../lib/gcc/arm-none-eabi/10.3.1/thumb/v7e-m+fp/hard/crtn.o
OUTPUT(Front_Code_XLR_23.elf elf32-littlearm)
LOAD linker stubs
LOAD e:/stm/stm32cubeide_1.10.1/stm32cubeide/plugins/com.st.stm32cube.ide.mcu.externaltools.gnu-tools-for-stm32.10.3-2021.10.win32_1.0.0.202111181127/tools/bin/../lib/gcc/arm-none-eabi/10.3.1/../../../../arm-none-eabi/lib/thumb/v7e-m+fp/hard\libc.a
LOAD e:/stm/stm32cubeide_1.10.1/stm32cubeide/plugins/com.st.stm32cube.ide.mcu.externaltools.gnu-tools-for-stm32.10.3-2021.10.win32_1.0.0.202111181127/tools/bin/../lib/gcc/arm-none-eabi/10.3.1/../../../../arm-none-eabi/lib/thumb/v7e-m+fp/hard\libm.a
LOAD e:/stm/stm32cubeide_1.10.1/stm32cubeide/plugins/com.st.stm32cube.ide.mcu.externaltools.gnu-tools-for-stm32.10.3-2021.10.win32_1.0.0.202111181127/tools/bin/../lib/gcc/arm-none-eabi/10.3.1/thumb/v7e-m+fp/hard\libgcc.a

.debug_info     0x0000000000000000     0x8c6a
 .debug_info    0x0000000000000000      0x789 ./Core/Src/adc.o
 .debug_info    0x0000000000000789      0xe56 ./Core/Src/can.o
 .debug_info    0x00000000000015df      0x785 ./Core/Src/main.o
 .debug_info    0x0000000000001d64      0xc82 ./Core/Src/stm32f4xx_hal_msp.o
 .debug_info    0x00000000000029e6      0xac1 ./Core/Src/stm32f4xx_it.o
 .debug_info    0x00000000000034a7      0x53f ./Core/Src/system_stm32f4xx.o
 .debug_info    0x00000000000039e6       0x22 ./Core/Startup/startup_stm32f429zitx.o
 .debug_info    0x0000000000003a08      0x9f4 ./Drivers/STM32F4xx_HAL_Driver/Src/stm32f4xx_hal.o
 .debug_info    0x00000000000043fc      0xd70 ./Drivers/STM32F4xx_HAL_Driver/Src/stm32f4xx_hal_adc.o
 .debug_info    0x000000000000516c      0xbdc ./Drivers/STM32F4xx_HAL_Driver/Src/stm32f4xx_hal_adc_ex.o
 .debug_info    0x0000000000005d48      0xfc9 ./Drivers/STM32F4xx_HAL_Driver/Src/stm32f4xx_hal_can.o
 .debug_info    0x0000000000006d11      0xe51 ./Drivers/STM32F4xx_HAL_Driver/Src/stm32f4xx_hal_cortex.o
 .debug_info    0x0000000000007b62      0x786 ./Drivers/STM32F4xx_HAL_Driver/Src/stm32f4xx_hal_gpio.o
 .debug_info    0x00000000000082e8      0x982 ./Drivers/STM32F4xx_HAL_Driver/Src/stm32f4xx_hal_rcc.o

.debug_abbrev   0x0000000000000000     0x1b67
 .debug_abbrev  0x0000000000000000      0x1d4 ./Core/Src/adc.o
 .debug_abbrev  0x00000000000001d4      0x277 ./Core/Src/can.o
 .debug_abbrev  0x000000000000044b      0x213 ./Core/Src/main.o
 .debug_abbrev  0x000000000000065e      0x1b2 ./Core/Src/stm32f4xx_hal_msp.o
 .debug_abbrev  0x0000000000000810      0x1cd ./Core/Src/stm32f4xx_it.o
 .debug_abbrev  0x00000000000009dd      0x116 ./Core/Src/system_stm32f4xx.o
 .debug_abbrev  0x0000000000000af3       0x12 ./Core/Startup/startup_stm32f429zitx.o
 .debug_abbrev  0x0000000000000b05      0x20d ./Drivers/STM32F4xx_HAL_Driver/Src/stm32f4xx_hal.o
 .debug_abbrev  0x0000000000000d12      0x244 ./Drivers/STM32F4xx_HAL_Driver/Src/stm32f4xx_hal_adc.o
 .debug_abbrev  0x0000000000000f56      0x25f ./Drivers/STM32F4xx_HAL_Driver/Src/stm32f4xx_hal_adc_ex.o
 .debug_abbrev  0x00000000000011b5      0x22e ./Drivers/STM32F4xx_HAL_Driver/Src/stm32f4xx_hal_can.o
 .debug_abbrev  0x00000000000013e3      0x316 ./Drivers/STM32F4xx_HAL_Driver/Src/stm32f4xx_hal_cortex.o
 .debug_abbrev  0x00000000000016f9      0x1c4 ./Drivers/STM32F4xx_HAL_Driver/Src/stm32f4xx_hal_gpio.o
 .debug_abbrev  0x00000000000018bd      0x2aa ./Drivers/STM32F4xx_HAL_Driver/Src/stm32f4xx_hal_rcc.o

.debug_aranges  0x0000000000000000      0x770
 .debug_aranges
                0x0000000000000000       0x30 ./Core/Src/adc.o
 .debug_aranges
                0x0000000000000030       0x48 ./Core/Src/can.o
 .debug_aranges
                0x0000000000000078       0x38 ./Core/Src/main.o
 .debug_aranges
                0x00000000000000b0       0x30 ./Core/Src/stm32f4xx_hal_msp.o
 .debug_aranges
                0x00000000000000e0       0x98 ./Core/Src/stm32f4xx_it.o
 .debug_aranges
                0x0000000000000178       0x28 ./Core/Src/system_stm32f4xx.o
 .debug_aranges
                0x00000000000001a0       0x28 ./Core/Startup/startup_stm32f429zitx.o
 .debug_aranges
                0x00000000000001c8      0x100 ./Drivers/STM32F4xx_HAL_Driver/Src/stm32f4xx_hal.o
 .debug_aranges
                0x00000000000002c8       0xe8 ./Drivers/STM32F4xx_HAL_Driver/Src/stm32f4xx_hal_adc.o
 .debug_aranges
                0x00000000000003b0       0x90 ./Drivers/STM32F4xx_HAL_Driver/Src/stm32f4xx_hal_adc_ex.o
 .debug_aranges
                0x0000000000000440      0x138 ./Drivers/STM32F4xx_HAL_Driver/Src/stm32f4xx_hal_can.o
 .debug_aranges
                0x0000000000000578      0x118 ./Drivers/STM32F4xx_HAL_Driver/Src/stm32f4xx_hal_cortex.o
 .debug_aranges
                0x0000000000000690       0x58 ./Drivers/STM32F4xx_HAL_Driver/Src/stm32f4xx_hal_gpio.o
 .debug_aranges
                0x00000000000006e8       0x88 ./Drivers/STM32F4xx_HAL_Driver/Src/stm32f4xx_hal_rcc.o

.debug_ranges   0x0000000000000000      0x698
 .debug_ranges  0x0000000000000000       0x20 ./Core/Src/adc.o
 .debug_ranges  0x0000000000000020       0x38 ./Core/Src/can.o
 .debug_ranges  0x0000000000000058       0x28 ./Core/Src/main.o
 .debug_ranges  0x0000000000000080       0x20 ./Core/Src/stm32f4xx_hal_msp.o
 .debug_ranges  0x00000000000000a0       0x88 ./Core/Src/stm32f4xx_it.o
 .debug_ranges  0x0000000000000128       0x18 ./Core/Src/system_stm32f4xx.o
 .debug_ranges  0x0000000000000140       0x20 ./Core/Startup/startup_stm32f429zitx.o
 .debug_ranges  0x0000000000000160       0xf0 ./Drivers/STM32F4xx_HAL_Driver/Src/stm32f4xx_hal.o
 .debug_ranges  0x0000000000000250       0xd8 ./Drivers/STM32F4xx_HAL_Driver/Src/stm32f4xx_hal_adc.o
 .debug_ranges  0x0000000000000328       0x80 ./Drivers/STM32F4xx_HAL_Driver/Src/stm32f4xx_hal_adc_ex.o
 .debug_ranges  0x00000000000003a8      0x128 ./Drivers/STM32F4xx_HAL_Driver/Src/stm32f4xx_hal_can.o
 .debug_ranges  0x00000000000004d0      0x108 ./Drivers/STM32F4xx_HAL_Driver/Src/stm32f4xx_hal_cortex.o
 .debug_ranges  0x00000000000005d8       0x48 ./Drivers/STM32F4xx_HAL_Driver/Src/stm32f4xx_hal_gpio.o
 .debug_ranges  0x0000000000000620       0x78 ./Drivers/STM32F4xx_HAL_Driver/Src/stm32f4xx_hal_rcc.o

.debug_macro    0x0000000000000000    0x23665
 .debug_macro   0x0000000000000000      0x1fb ./Core/Src/adc.o
 .debug_macro   0x00000000000001fb      0xa78 ./Core/Src/adc.o
 .debug_macro   0x0000000000000c73      0x29b ./Core/Src/adc.o
 .debug_macro   0x0000000000000f0e       0x2e ./Core/Src/adc.o
 .debug_macro   0x0000000000000f3c       0x28 ./Core/Src/adc.o
 .debug_macro   0x0000000000000f64       0x22 ./Core/Src/adc.o
 .debug_macro   0x0000000000000f86       0x8e ./Core/Src/adc.o
 .debug_macro   0x0000000000001014       0x51 ./Core/Src/adc.o
 .debug_macro   0x0000000000001065      0x103 ./Core/Src/adc.o
 .debug_macro   0x0000000000001168       0x6a ./Core/Src/adc.o
 .debug_macro   0x00000000000011d2      0x1df ./Core/Src/adc.o
 .debug_macro   0x00000000000013b1       0x1c ./Core/Src/adc.o
 .debug_macro   0x00000000000013cd       0x22 ./Core/Src/adc.o
 .debug_macro   0x00000000000013ef       0xd9 ./Core/Src/adc.o
 .debug_macro   0x00000000000014c8     0x102d ./Core/Src/adc.o
 .debug_macro   0x00000000000024f5      0x11f ./Core/Src/adc.o
 .debug_macro   0x0000000000002614    0x17fc0 ./Core/Src/adc.o
 .debug_macro   0x000000000001a5d4       0x6d ./Core/Src/adc.o
 .debug_macro   0x000000000001a641     0x36f5 ./Core/Src/adc.o
 .debug_macro   0x000000000001dd36      0x174 ./Core/Src/adc.o
 .debug_macro   0x000000000001deaa       0x5c ./Core/Src/adc.o
 .debug_macro   0x000000000001df06      0xca5 ./Core/Src/adc.o
 .debug_macro   0x000000000001ebab      0x9fe ./Core/Src/adc.o
 .debug_macro   0x000000000001f5a9      0x115 ./Core/Src/adc.o
 .debug_macro   0x000000000001f6be      0x156 ./Core/Src/adc.o
 .debug_macro   0x000000000001f814       0xa5 ./Core/Src/adc.o
 .debug_macro   0x000000000001f8b9      0x182 ./Core/Src/adc.o
 .debug_macro   0x000000000001fa3b      0x287 ./Core/Src/adc.o
 .debug_macro   0x000000000001fcc2       0x5f ./Core/Src/adc.o
 .debug_macro   0x000000000001fd21      0x236 ./Core/Src/adc.o
 .debug_macro   0x000000000001ff57      0xb54 ./Core/Src/adc.o
 .debug_macro   0x0000000000020aab      0x38b ./Core/Src/adc.o
 .debug_macro   0x0000000000020e36      0x184 ./Core/Src/adc.o
 .debug_macro   0x0000000000020fba       0xf9 ./Core/Src/adc.o
 .debug_macro   0x00000000000210b3      0x40f ./Core/Src/adc.o
 .debug_macro   0x00000000000214c2      0x132 ./Core/Src/adc.o
 .debug_macro   0x00000000000215f4      0x41d ./Core/Src/adc.o
 .debug_macro   0x0000000000021a11       0x2e ./Core/Src/adc.o
 .debug_macro   0x0000000000021a3f      0x11a ./Core/Src/adc.o
 .debug_macro   0x0000000000021b59       0xe2 ./Core/Src/adc.o
 .debug_macro   0x0000000000021c3b       0x89 ./Core/Src/adc.o
 .debug_macro   0x0000000000021cc4      0x134 ./Core/Src/adc.o
 .debug_macro   0x0000000000021df8       0xd0 ./Core/Src/adc.o
 .debug_macro   0x0000000000021ec8      0x1fb ./Core/Src/can.o
 .debug_macro   0x00000000000220c3      0x213 ./Core/Src/main.o
 .debug_macro   0x00000000000222d6      0x1f1 ./Core/Src/stm32f4xx_hal_msp.o
 .debug_macro   0x00000000000224c7      0x1fb ./Core/Src/stm32f4xx_it.o
 .debug_macro   0x00000000000226c2      0x1e2 ./Core/Src/system_stm32f4xx.o
 .debug_macro   0x00000000000228a4      0x242 ./Drivers/STM32F4xx_HAL_Driver/Src/stm32f4xx_hal.o
 .debug_macro   0x0000000000022ae6      0x1e3 ./Drivers/STM32F4xx_HAL_Driver/Src/stm32f4xx_hal_adc.o
 .debug_macro   0x0000000000022cc9      0x1e2 ./Drivers/STM32F4xx_HAL_Driver/Src/stm32f4xx_hal_adc_ex.o
 .debug_macro   0x0000000000022eab      0x1ea ./Drivers/STM32F4xx_HAL_Driver/Src/stm32f4xx_hal_can.o
 .debug_macro   0x0000000000023095      0x1e2 ./Drivers/STM32F4xx_HAL_Driver/Src/stm32f4xx_hal_cortex.o
 .debug_macro   0x0000000000023277      0x1e8 ./Drivers/STM32F4xx_HAL_Driver/Src/stm32f4xx_hal_gpio.o
 .debug_macro   0x000000000002345f      0x206 ./Drivers/STM32F4xx_HAL_Driver/Src/stm32f4xx_hal_rcc.o

.debug_line     0x0000000000000000     0x903e
 .debug_line    0x0000000000000000      0x792 ./Core/Src/adc.o
 .debug_line    0x0000000000000792      0x8a1 ./Core/Src/can.o
 .debug_line    0x0000000000001033      0x7cd ./Core/Src/main.o
 .debug_line    0x0000000000001800      0x759 ./Core/Src/stm32f4xx_hal_msp.o
 .debug_line    0x0000000000001f59      0x840 ./Core/Src/stm32f4xx_it.o
 .debug_line    0x0000000000002799      0x756 ./Core/Src/system_stm32f4xx.o
 .debug_line    0x0000000000002eef       0x88 ./Core/Startup/startup_stm32f429zitx.o
 .debug_line    0x0000000000002f77      0x9f2 ./Drivers/STM32F4xx_HAL_Driver/Src/stm32f4xx_hal.o
 .debug_line    0x0000000000003969     0x1238 ./Drivers/STM32F4xx_HAL_Driver/Src/stm32f4xx_hal_adc.o
 .debug_line    0x0000000000004ba1      0xe7c ./Drivers/STM32F4xx_HAL_Driver/Src/stm32f4xx_hal_adc_ex.o
 .debug_line    0x0000000000005a1d     0x1128 ./Drivers/STM32F4xx_HAL_Driver/Src/stm32f4xx_hal_can.o
 .debug_line    0x0000000000006b45      0xc6b ./Drivers/STM32F4xx_HAL_Driver/Src/stm32f4xx_hal_cortex.o
 .debug_line    0x00000000000077b0      0xb58 ./Drivers/STM32F4xx_HAL_Driver/Src/stm32f4xx_hal_gpio.o
 .debug_line    0x0000000000008308      0xd36 ./Drivers/STM32F4xx_HAL_Driver/Src/stm32f4xx_hal_rcc.o

.debug_str      0x0000000000000000    0xda892
 .debug_str     0x0000000000000000    0xd8280 ./Core/Src/adc.o
                                      0xd85a6 (size before relaxing)
 .debug_str     0x00000000000d8280      0xb27 ./Core/Src/can.o
                                      0xd8c9c (size before relaxing)
 .debug_str     0x00000000000d8da7      0x1d6 ./Core/Src/main.o
                                      0xd84ab (size before relaxing)
 .debug_str     0x00000000000d8f7d       0x4e ./Core/Src/stm32f4xx_hal_msp.o
                                      0xd8bdc (size before relaxing)
 .debug_str     0x00000000000d8fcb      0x165 ./Core/Src/stm32f4xx_it.o
                                      0xd8839 (size before relaxing)
 .debug_str     0x00000000000d9130       0xdb ./Core/Src/system_stm32f4xx.o
                                      0xd7f6f (size before relaxing)
 .debug_str     0x00000000000d920b       0x36 ./Core/Startup/startup_stm32f429zitx.o
                                         0x5b (size before relaxing)
 .debug_str     0x00000000000d9241      0x652 ./Drivers/STM32F4xx_HAL_Driver/Src/stm32f4xx_hal.o
                                      0xd8b92 (size before relaxing)
 .debug_str     0x00000000000d9893      0x286 ./Drivers/STM32F4xx_HAL_Driver/Src/stm32f4xx_hal_adc.o
                                      0xd8549 (size before relaxing)
 .debug_str     0x00000000000d9b19      0x2df ./Drivers/STM32F4xx_HAL_Driver/Src/stm32f4xx_hal_adc_ex.o
                                      0xd859d (size before relaxing)
 .debug_str     0x00000000000d9df8      0x41b ./Drivers/STM32F4xx_HAL_Driver/Src/stm32f4xx_hal_can.o
                                      0xd8648 (size before relaxing)
 .debug_str     0x00000000000da213      0x32b ./Drivers/STM32F4xx_HAL_Driver/Src/stm32f4xx_hal_cortex.o
                                      0xd8877 (size before relaxing)
 .debug_str     0x00000000000da53e      0x121 ./Drivers/STM32F4xx_HAL_Driver/Src/stm32f4xx_hal_gpio.o
                                      0xd80ea (size before relaxing)
 .debug_str     0x00000000000da65f      0x233 ./Drivers/STM32F4xx_HAL_Driver/Src/stm32f4xx_hal_rcc.o
                                      0xd83a3 (size before relaxing)

.comment        0x0000000000000000       0x50
 .comment       0x0000000000000000       0x50 ./Core/Src/adc.o
                                         0x51 (size before relaxing)
 .comment       0x0000000000000050       0x51 ./Core/Src/can.o
 .comment       0x0000000000000050       0x51 ./Core/Src/main.o
 .comment       0x0000000000000050       0x51 ./Core/Src/stm32f4xx_hal_msp.o
 .comment       0x0000000000000050       0x51 ./Core/Src/stm32f4xx_it.o
 .comment       0x0000000000000050       0x51 ./Core/Src/system_stm32f4xx.o
 .comment       0x0000000000000050       0x51 ./Drivers/STM32F4xx_HAL_Driver/Src/stm32f4xx_hal.o
 .comment       0x0000000000000050       0x51 ./Drivers/STM32F4xx_HAL_Driver/Src/stm32f4xx_hal_adc.o
 .comment       0x0000000000000050       0x51 ./Drivers/STM32F4xx_HAL_Driver/Src/stm32f4xx_hal_adc_ex.o
 .comment       0x0000000000000050       0x51 ./Drivers/STM32F4xx_HAL_Driver/Src/stm32f4xx_hal_can.o
 .comment       0x0000000000000050       0x51 ./Drivers/STM32F4xx_HAL_Driver/Src/stm32f4xx_hal_cortex.o
 .comment       0x0000000000000050       0x51 ./Drivers/STM32F4xx_HAL_Driver/Src/stm32f4xx_hal_gpio.o
 .comment       0x0000000000000050       0x51 ./Drivers/STM32F4xx_HAL_Driver/Src/stm32f4xx_hal_rcc.o

.debug_frame    0x0000000000000000     0x1cb0
 .debug_frame   0x0000000000000000       0x7c ./Core/Src/adc.o
 .debug_frame   0x000000000000007c       0xe4 ./Core/Src/can.o
 .debug_frame   0x0000000000000160       0x8c ./Core/Src/main.o
 .debug_frame   0x00000000000001ec       0x80 ./Core/Src/stm32f4xx_hal_msp.o
 .debug_frame   0x000000000000026c      0x1c8 ./Core/Src/stm32f4xx_it.o
 .debug_frame   0x0000000000000434       0x58 ./Core/Src/system_stm32f4xx.o
 .debug_frame   0x000000000000048c      0x3b4 ./Drivers/STM32F4xx_HAL_Driver/Src/stm32f4xx_hal.o
 .debug_frame   0x0000000000000840      0x3fc ./Drivers/STM32F4xx_HAL_Driver/Src/stm32f4xx_hal_adc.o
 .debug_frame   0x0000000000000c3c      0x250 ./Drivers/STM32F4xx_HAL_Driver/Src/stm32f4xx_hal_adc_ex.o
 .debug_frame   0x0000000000000e8c      0x5a0 ./Drivers/STM32F4xx_HAL_Driver/Src/stm32f4xx_hal_can.o
 .debug_frame   0x000000000000142c      0x498 ./Drivers/STM32F4xx_HAL_Driver/Src/stm32f4xx_hal_cortex.o
 .debug_frame   0x00000000000018c4      0x14c ./Drivers/STM32F4xx_HAL_Driver/Src/stm32f4xx_hal_gpio.o
 .debug_frame   0x0000000000001a10      0x1f4 ./Drivers/STM32F4xx_HAL_Driver/Src/stm32f4xx_hal_rcc.o
 .debug_frame   0x0000000000001c04       0x2c e:/stm/stm32cubeide_1.10.1/stm32cubeide/plugins/com.st.stm32cube.ide.mcu.externaltools.gnu-tools-for-stm32.10.3-2021.10.win32_1.0.0.202111181127/tools/bin/../lib/gcc/arm-none-eabi/10.3.1/../../../../arm-none-eabi/lib/thumb/v7e-m+fp/hard\libc_nano.a(lib_a-init.o)
 .debug_frame   0x0000000000001c30       0x20 e:/stm/stm32cubeide_1.10.1/stm32cubeide/plugins/com.st.stm32cube.ide.mcu.externaltools.gnu-tools-for-stm32.10.3-2021.10.win32_1.0.0.202111181127/tools/bin/../lib/gcc/arm-none-eabi/10.3.1/../../../../arm-none-eabi/lib/thumb/v7e-m+fp/hard\libc_nano.a(lib_a-memset.o)
 .debug_frame   0x0000000000001c50       0x2c e:/stm/stm32cubeide_1.10.1/stm32cubeide/plugins/com.st.stm32cube.ide.mcu.externaltools.gnu-tools-for-stm32.10.3-2021.10.win32_1.0.0.202111181127/tools/bin/../lib/gcc/arm-none-eabi/10.3.1/thumb/v7e-m+fp/hard\libgcc.a(_aeabi_uldivmod.o)
 .debug_frame   0x0000000000001c7c       0x34 e:/stm/stm32cubeide_1.10.1/stm32cubeide/plugins/com.st.stm32cube.ide.mcu.externaltools.gnu-tools-for-stm32.10.3-2021.10.win32_1.0.0.202111181127/tools/bin/../lib/gcc/arm-none-eabi/10.3.1/thumb/v7e-m+fp/hard\libgcc.a(_udivmoddi4.o)
